error: proc macro panicked
  --> tests/compile_fail/docs_on_special_case_scalars.rs:6:1
   |
6  | / juniper_from_schema::graphql_schema! {
7  | |     schema {
8  | |         query: Query
9  | |     }
...  |
25 | |     scalar Uuid
26 | | }
   | |_^
   |
   = help: message:

           error: Special case scalars don't support having descriptions because the Rust types are defined in external crates
            --> schema:2:61
             |
           2 |    { foo : String! @ juniper(ownership : "owned") } "Url docs" scalar Url
             |                                                                ^

           error: Special case scalars don't support having descriptions because the Rust types are defined in external crates
            --> schema:3:20
             |
           3 |    "DateTimeUtc docs" scalar DateTimeUtc "Date docs" scalar Date "Uuid docs"
             |                       ^

           error: Special case scalars don't support having descriptions because the Rust types are defined in external crates
            --> schema:3:51
             |
           3 |    "DateTimeUtc docs" scalar DateTimeUtc "Date docs" scalar Date "Uuid docs"
             |                                                      ^

           error: Special case scalars don't support having descriptions because the Rust types are defined in external crates
            --> schema:4:1
             |
           4 |    scalar Uuid
             |    ^

           aborting due to 4 errors

error[E0405]: cannot find trait `QueryFields` in this scope
  --> tests/compile_fail/docs_on_special_case_scalars.rs:30:6
   |
30 | impl QueryFields for Query {
   |      ^^^^^^^^^^^ not found in this scope
