error: proc macro panicked
  --> tests/compile_fail/invalid_juniper_directive_definition.rs:4:1
   |
4  | / juniper_from_schema::graphql_schema! {
5  | |     type Query {
6  | |         string: String!
7  | |     }
...  |
19 | |     ) on FIELD
20 | | }
   | |_^
   |
   = help: message:

           error: Invalid location for @juniper directive: `FIELD`
            --> schema:1:58
             |
           1 |    type Query { string : String! } schema { query : Query } directive @
             |                                                             ^

           Location must be `FIELD_DEFINITION | SCALAR`

           error: Missing `FIELD_DEFINITION` directive location for @juniper directive
            --> schema:1:58
             |
           1 |    type Query { string : String! } schema { query : Query } directive @
             |                                                             ^

           Location must be `FIELD_DEFINITION | SCALAR`

           error: Missing `SCALAR` directive location for @juniper directive
            --> schema:1:58
             |
           1 |    type Query { string : String! } schema { query : Query } directive @
             |                                                             ^

           Location must be `FIELD_DEFINITION | SCALAR`

           error: Missing default value for `ownership` argument. Must be `"borrowed"`
            --> schema:2:9
             |
           2 |    juniper(ownership : Boolean, infallible : String = "foo", with_time_zone :
             |            ^

           error: `ownership` argument must have type `String`
            --> schema:2:9
             |
           2 |    juniper(ownership : Boolean, infallible : String = "foo", with_time_zone :
             |            ^

           Got `Boolean`

           error: Invalid default value for `infallible` argument. Must be `false`
            --> schema:2:30
             |
           2 |    juniper(ownership : Boolean, infallible : String = "foo", with_time_zone :
             |                                 ^

           Got `"foo"`

           error: `infallible` argument must have type `Boolean`
            --> schema:2:30
             |
           2 |    juniper(ownership : Boolean, infallible : String = "foo", with_time_zone :
             |                                 ^

           Got `String`

           error: Invalid default value for `with_time_zone` argument. Must be `true`
            --> schema:2:59
             |
           2 |    juniper(ownership : Boolean, infallible : String = "foo", with_time_zone :
             |                                                              ^

           Got `false`

           error: `with_time_zone` argument must have type `Boolean`
            --> schema:2:59
             |
           2 |    juniper(ownership : Boolean, infallible : String = "foo", with_time_zone :
             |                                                              ^

           Got `[String]`

           error: Invalid default value for `async` argument. Must be `false`
            --> schema:3:19
             |
           3 |    [String] = false, async : Boolean = true, stream_type : String = null,
             |                      ^

           Got `true`

           error: Invalid default value for `stream_item_infallible` argument. Must be `true`
            --> schema:4:1
             |
           4 |    stream_item_infallible : Boolean = false, bar : [Boolean]) on FIELD
             |    ^

           Got `false`

           error: Invalid argument for @juniper directive: `bar`
            --> schema:4:43
             |
           4 |    stream_item_infallible : Boolean = false, bar : [Boolean]) on FIELD
             |                                              ^

           Supported arguments are `ownership`, `infallible`, `with_time_zone`, `async`, `stream_item_infallible`, and `stream_type`

           aborting due to 12 errors

error[E0405]: cannot find trait `QueryFields` in this scope
  --> tests/compile_fail/invalid_juniper_directive_definition.rs:24:6
   |
24 | impl QueryFields for Query {
   |      ^^^^^^^^^^^ not found in this scope
